AR old_mdtext old_mdtext C:/GitHub/GraphBitV1/VHDL/src/Old_MDTEXT.vhd sub00/vhpl23 1559573357
AR old_mdgraph old_mdgraph C:/GitHub/GraphBitV1/VHDL/src/MDGRAPH.vhd sub00/vhpl29 1559573355
EN mdgraph NULL C:/Travail/LCD_TEST_PARALLEL/ModeGraph.vhd sub00/vhpl02 1559230933
EN new_memvideo NULL C:/Travail/LCD_TEST_PARALLEL/New_MemVideo.vhd sub00/vhpl16 1558103751
AR paralleltest_top behavioral C:/GitHub/GraphBitV1/VHDL/src/ParallelTest_Top.vhd sub00/vhpl13 1559573369
EN mux_comm NULL C:/GitHub/GraphBitV1/VHDL/src/Mux_Comm.vhd sub00/vhpl26 1559573360
AR timing_lcd behavioral C:/GitHub/GraphBitV1/VHDL/src/Timing_LCD.vhd sub00/vhpl09 1559573365
AR uart_rx uart_rx C:/Travail/LCD_TEST_PARALLEL/uart_rx_57600.vhd sub00/vhpl25 1559415709
AR parallele parallele C:/Travail/EcranGraphiqueV1.1/Port_Parallele.vhd sub00/vhpl05 1559420532
EN dualport NULL C:/GitHub/GraphBitV1/VHDL/src/DualPort.vhd sub00/vhpl10 1559573366
AR new_uart_rx new_uart_rx C:/GitHub/GraphBitV1/VHDL/src/uart_rx.vhd sub00/vhpl33 1559573359
EN data_ctrl NULL C:/Travail/LCD_TEST_PARALLEL/Data_Ctrl.vhd sub00/vhpl06 1557864048
EN memvideo NULL C:/GitHub/GraphBitV1/VHDL/src/MemVideo.vhd sub00/vhpl00 1559573352
EN timing_lcd NULL C:/GitHub/GraphBitV1/VHDL/src/Timing_LCD.vhd sub00/vhpl08 1559573364
AR memvideo memvideo_a C:/GitHub/GraphBitV1/VHDL/src/MemVideo.vhd sub00/vhpl01 1559573353
AR new_memvideo memvideo_a C:/Travail/LCD_TEST_PARALLEL/New_MemVideo.vhd sub00/vhpl17 1558103752
EN rom_1024_8 NULL C:/GitHub/GraphBitV1/VHDL/src/Fonts.vhd sub00/vhpl18 1559573350
EN paralleltest_top NULL C:/GitHub/GraphBitV1/VHDL/src/ParallelTest_Top.vhd sub00/vhpl12 1559573368
EN old_mdgraph NULL C:/GitHub/GraphBitV1/VHDL/src/MDGRAPH.vhd sub00/vhpl28 1559573354
AR uart_rx_auto uart_rx_auto C:/Travail/LCD_TEST_PARALLEL/uart_rx_all.vhd sub00/vhpl31 1559418416
AR mdgraph mdgraph C:/Travail/LCD_TEST_PARALLEL/ModeGraph.vhd sub00/vhpl03 1559230934
EN uart_rx_auto NULL C:/Travail/LCD_TEST_PARALLEL/uart_rx_all.vhd sub00/vhpl30 1559418415
EN mdtext NULL C:/Travail/LCD_TEST_PARALLEL/ModeText.vhd sub00/vhpl20 1558970678
AR data_ctrl behavioral C:/Travail/LCD_TEST_PARALLEL/Data_Ctrl.vhd sub00/vhpl07 1557864049
EN parallele NULL C:/Travail/EcranGraphiqueV1.1/Port_Parallele.vhd sub00/vhpl04 1559420531
EN new_data_ctrl NULL C:/GitHub/GraphBitV1/VHDL/src/New_Data_Ctrl.vhd sub00/vhpl14 1559573362
AR new_data_ctrl behavioral C:/GitHub/GraphBitV1/VHDL/src/New_Data_Ctrl.vhd sub00/vhpl15 1559573363
EN new_uart_rx NULL C:/GitHub/GraphBitV1/VHDL/src/uart_rx.vhd sub00/vhpl32 1559573358
AR dualport dualport C:/GitHub/GraphBitV1/VHDL/src/DualPort.vhd sub00/vhpl11 1559573367
AR mdtext mdtext C:/Travail/LCD_TEST_PARALLEL/ModeText.vhd sub00/vhpl21 1558970679
AR rom_1024_8 imp C:/GitHub/GraphBitV1/VHDL/src/Fonts.vhd sub00/vhpl19 1559573351
EN uart_rx NULL C:/Travail/LCD_TEST_PARALLEL/uart_rx_57600.vhd sub00/vhpl24 1559415708
EN old_mdtext NULL C:/GitHub/GraphBitV1/VHDL/src/Old_MDTEXT.vhd sub00/vhpl22 1559573356
AR mux_comm behavioral C:/GitHub/GraphBitV1/VHDL/src/Mux_Comm.vhd sub00/vhpl27 1559573361
