AR old_mdtext old_mdtext C:/Travail/LCD_TEST_PARALLEL/Old_MDTEXT.vhd sub00/vhpl23 1559420530
AR old_mdgraph old_mdgraph C:/Travail/LCD_TEST_PARALLEL/MDGRAPH.vhd sub00/vhpl29 1559420528
EN mdgraph NULL C:/Travail/LCD_TEST_PARALLEL/ModeGraph.vhd sub00/vhpl02 1559230933
EN new_memvideo NULL C:/Travail/LCD_TEST_PARALLEL/New_MemVideo.vhd sub00/vhpl16 1558103751
AR paralleltest_top behavioral C:/Travail/LCD_TEST_PARALLEL/ParallelTest_Top.vhd sub00/vhpl13 1559420544
EN mux_comm NULL C:/Travail/LCD_TEST_PARALLEL/Mux_Comm.vhd sub00/vhpl26 1559420535
AR timing_lcd behavioral C:/Travail/LCD_TEST_PARALLEL/Timing_LCD.vhd sub00/vhpl09 1559420540
AR uart_rx uart_rx C:/Travail/LCD_TEST_PARALLEL/uart_rx_57600.vhd sub00/vhpl25 1559415709
AR parallele parallele C:/Travail/EcranGraphiqueV1.1/Port_Parallele.vhd sub00/vhpl05 1559420532
EN dualport NULL C:/Travail/LCD_TEST_PARALLEL/DualPort.vhd sub00/vhpl10 1559420541
AR new_uart_rx new_uart_rx C:/Travail/LCD_TEST_PARALLEL/uart_rx.vhd sub00/vhpl33 1559420534
EN data_ctrl NULL C:/Travail/LCD_TEST_PARALLEL/Data_Ctrl.vhd sub00/vhpl06 1557864048
EN memvideo NULL C:/Travail/LCD_TEST_PARALLEL/MemVideo.vhd sub00/vhpl00 1559420525
EN timing_lcd NULL C:/Travail/LCD_TEST_PARALLEL/Timing_LCD.vhd sub00/vhpl08 1559420539
AR memvideo memvideo_a C:/Travail/LCD_TEST_PARALLEL/MemVideo.vhd sub00/vhpl01 1559420526
AR new_memvideo memvideo_a C:/Travail/LCD_TEST_PARALLEL/New_MemVideo.vhd sub00/vhpl17 1558103752
EN rom_1024_8 NULL C:/Travail/LCD_TEST_PARALLEL/Fonts.vhd sub00/vhpl18 1559420523
EN paralleltest_top NULL C:/Travail/LCD_TEST_PARALLEL/ParallelTest_Top.vhd sub00/vhpl12 1559420543
EN old_mdgraph NULL C:/Travail/LCD_TEST_PARALLEL/MDGRAPH.vhd sub00/vhpl28 1559420527
AR uart_rx_auto uart_rx_auto C:/Travail/LCD_TEST_PARALLEL/uart_rx_all.vhd sub00/vhpl31 1559418416
AR mdgraph mdgraph C:/Travail/LCD_TEST_PARALLEL/ModeGraph.vhd sub00/vhpl03 1559230934
EN uart_rx_auto NULL C:/Travail/LCD_TEST_PARALLEL/uart_rx_all.vhd sub00/vhpl30 1559418415
EN mdtext NULL C:/Travail/LCD_TEST_PARALLEL/ModeText.vhd sub00/vhpl20 1558970678
AR data_ctrl behavioral C:/Travail/LCD_TEST_PARALLEL/Data_Ctrl.vhd sub00/vhpl07 1557864049
EN parallele NULL C:/Travail/EcranGraphiqueV1.1/Port_Parallele.vhd sub00/vhpl04 1559420531
EN new_data_ctrl NULL C:/Travail/LCD_TEST_PARALLEL/New_Data_Ctrl.vhd sub00/vhpl14 1559420537
AR new_data_ctrl behavioral C:/Travail/LCD_TEST_PARALLEL/New_Data_Ctrl.vhd sub00/vhpl15 1559420538
EN new_uart_rx NULL C:/Travail/LCD_TEST_PARALLEL/uart_rx.vhd sub00/vhpl32 1559420533
AR dualport dualport C:/Travail/LCD_TEST_PARALLEL/DualPort.vhd sub00/vhpl11 1559420542
AR mdtext mdtext C:/Travail/LCD_TEST_PARALLEL/ModeText.vhd sub00/vhpl21 1558970679
AR rom_1024_8 imp C:/Travail/LCD_TEST_PARALLEL/Fonts.vhd sub00/vhpl19 1559420524
EN uart_rx NULL C:/Travail/LCD_TEST_PARALLEL/uart_rx_57600.vhd sub00/vhpl24 1559415708
EN old_mdtext NULL C:/Travail/LCD_TEST_PARALLEL/Old_MDTEXT.vhd sub00/vhpl22 1559420529
AR mux_comm behavioral C:/Travail/LCD_TEST_PARALLEL/Mux_Comm.vhd sub00/vhpl27 1559420536
