V3 72
FL C:/GitHub/GraphBitV1/VHDL/src/DualPort.vhd 2019/05/24.17:47:19 P.20131013
EN work/DualPort 1559573366 FL C:/GitHub/GraphBitV1/VHDL/src/DualPort.vhd \
      PB ieee/std_logic_1164 1381692176 PB ieee/std_logic_arith 1381692177 \
      PB ieee/STD_LOGIC_UNSIGNED 1381692179
AR work/DualPort/DualPort 1559573367 \
      FL C:/GitHub/GraphBitV1/VHDL/src/DualPort.vhd EN work/DualPort 1559573366 \
      CP MemVideo
FL C:/GitHub/GraphBitV1/VHDL/src/Fonts.vhd 2017/05/17.09:45:08 P.20131013
EN work/rom_1024_8 1559573350 FL C:/GitHub/GraphBitV1/VHDL/src/Fonts.vhd \
      PB ieee/std_logic_1164 1381692176 PB ieee/STD_LOGIC_UNSIGNED 1381692179
AR work/rom_1024_8/imp 1559573351 \
      FL C:/GitHub/GraphBitV1/VHDL/src/Fonts.vhd EN work/rom_1024_8 1559573350
FL C:/GitHub/GraphBitV1/VHDL/src/MDGRAPH.vhd 2019/05/30.11:39:56 P.20131013
EN work/OLD_MDGRAPH 1559573354 FL C:/GitHub/GraphBitV1/VHDL/src/MDGRAPH.vhd \
      PB ieee/std_logic_1164 1381692176 PB ieee/std_logic_arith 1381692177 \
      PB ieee/STD_LOGIC_UNSIGNED 1381692179
AR work/OLD_MDGRAPH/OLD_MDGRAPH 1559573355 \
      FL C:/GitHub/GraphBitV1/VHDL/src/MDGRAPH.vhd EN work/OLD_MDGRAPH 1559573354
FL C:/GitHub/GraphBitV1/VHDL/src/MemVideo.vhd 2019/05/02.08:46:40 P.20131013
EN work/MemVideo 1559573352 FL C:/GitHub/GraphBitV1/VHDL/src/MemVideo.vhd \
      PB ieee/std_logic_1164 1381692176
AR work/MemVideo/MemVideo_a 1559573353 \
      FL C:/GitHub/GraphBitV1/VHDL/src/MemVideo.vhd EN work/MemVideo 1559573352
FL C:/GitHub/GraphBitV1/VHDL/src/Mux_Comm.vhd 2019/05/29.08:48:39 P.20131013
EN work/Mux_Comm 1559573360 FL C:/GitHub/GraphBitV1/VHDL/src/Mux_Comm.vhd \
      PB ieee/std_logic_1164 1381692176 PB ieee/NUMERIC_STD 1381692181 \
      PB ieee/STD_LOGIC_UNSIGNED 1381692179
AR work/Mux_Comm/Behavioral 1559573361 \
      FL C:/GitHub/GraphBitV1/VHDL/src/Mux_Comm.vhd EN work/Mux_Comm 1559573360
FL C:/GitHub/GraphBitV1/VHDL/src/New_Data_Ctrl.vhd 2019/06/01.15:46:42 P.20131013
EN work/New_Data_Ctrl 1559573362 \
      FL C:/GitHub/GraphBitV1/VHDL/src/New_Data_Ctrl.vhd PB ieee/std_logic_1164 1381692176 \
      PB ieee/STD_LOGIC_UNSIGNED 1381692179
AR work/New_Data_Ctrl/Behavioral 1559573363 \
      FL C:/GitHub/GraphBitV1/VHDL/src/New_Data_Ctrl.vhd EN work/New_Data_Ctrl 1559573362 \
      CP OLD_MDGRAPH CP OLD_MDTEXT
FL C:/GitHub/GraphBitV1/VHDL/src/Old_MDTEXT.vhd 2019/06/01.11:46:36 P.20131013
EN work/OLD_MDTEXT 1559573356 FL C:/GitHub/GraphBitV1/VHDL/src/Old_MDTEXT.vhd \
      PB ieee/std_logic_1164 1381692176 PB ieee/std_logic_arith 1381692177 \
      PB ieee/STD_LOGIC_UNSIGNED 1381692179
AR work/OLD_MDTEXT/OLD_MDTEXT 1559573357 \
      FL C:/GitHub/GraphBitV1/VHDL/src/Old_MDTEXT.vhd EN work/OLD_MDTEXT 1559573356 \
      CP rom_1024_8
FL C:/GitHub/GraphBitV1/VHDL/src/ParallelTest_Top.vhd 2019/06/01.16:22:00 P.20131013
EN work/ParallelTest_Top 1559573368 \
      FL C:/GitHub/GraphBitV1/VHDL/src/ParallelTest_Top.vhd \
      PB ieee/std_logic_1164 1381692176
AR work/ParallelTest_Top/Behavioral 1559573369 \
      FL C:/GitHub/GraphBitV1/VHDL/src/ParallelTest_Top.vhd \
      EN work/ParallelTest_Top 1559573368 CP PARALLELE CP new_UART_RX CP Mux_Comm \
      CP New_Data_Ctrl CP Timing_LCD CP DualPort
FL C:/GitHub/GraphBitV1/VHDL/src/Timing_LCD.vhd 2019/06/01.11:49:34 P.20131013
EN work/Timing_LCD 1559573364 FL C:/GitHub/GraphBitV1/VHDL/src/Timing_LCD.vhd \
      PB ieee/std_logic_1164 1381692176 PB ieee/STD_LOGIC_UNSIGNED 1381692179 \
      PB ieee/NUMERIC_STD 1381692181 PB ieee/std_logic_arith 1381692177
AR work/Timing_LCD/Behavioral 1559573365 \
      FL C:/GitHub/GraphBitV1/VHDL/src/Timing_LCD.vhd EN work/Timing_LCD 1559573364
FL C:/GitHub/GraphBitV1/VHDL/src/uart_rx.vhd 2019/05/31.16:52:47 P.20131013
EN work/new_uart_rx 1559573358 FL C:/GitHub/GraphBitV1/VHDL/src/uart_rx.vhd \
      PB ieee/std_logic_1164 1381692176 PB ieee/STD_LOGIC_UNSIGNED 1381692179
AR work/new_uart_rx/new_uart_rx 1559573359 \
      FL C:/GitHub/GraphBitV1/VHDL/src/uart_rx.vhd EN work/new_uart_rx 1559573358
FL C:/Travail/EcranGraphiqueV1.1/Port_Parallele.vhd 2019/05/24.09:18:08 P.20131013
EN work/PARALLELE 1559420531 FL C:/Travail/EcranGraphiqueV1.1/Port_Parallele.vhd \
      PB ieee/std_logic_1164 1381692176 PB ieee/std_logic_arith 1381692177 \
      PB ieee/STD_LOGIC_UNSIGNED 1381692179
AR work/PARALLELE/PARALLELE 1559420532 \
      FL C:/Travail/EcranGraphiqueV1.1/Port_Parallele.vhd EN work/PARALLELE 1559420531
FL C:/Travail/LCD_TEST_PARALLEL/Data_Ctrl.vhd 2019/05/14.14:30:43 P.20131013
EN work/Data_Ctrl 1557864048 FL C:/Travail/LCD_TEST_PARALLEL/Data_Ctrl.vhd \
      PB ieee/std_logic_1164 1381692176 PB ieee/NUMERIC_STD 1381692181 \
      PB ieee/STD_LOGIC_UNSIGNED 1381692179
AR work/Data_Ctrl/Behavioral 1557864049 \
      FL C:/Travail/LCD_TEST_PARALLEL/Data_Ctrl.vhd EN work/Data_Ctrl 1557864048 \
      CP MDGRAPH
FL C:/Travail/LCD_TEST_PARALLEL/DualPort.vhd 2019/05/24.17:47:19 P.20131013
FL C:/Travail/LCD_TEST_PARALLEL/Fonts.vhd 2017/05/17.09:45:08 P.20131013
FL C:/Travail/LCD_TEST_PARALLEL/MDGRAPH.vhd 2019/05/30.11:39:56 P.20131013
FL C:/Travail/LCD_TEST_PARALLEL/MemVideo.vhd 2019/05/02.08:46:40 P.20131013
FL C:/Travail/LCD_TEST_PARALLEL/ModeGraph.vhd 2019/05/14.14:28:43 P.20131013
EN work/MDGRAPH 1559230933 FL C:/Travail/LCD_TEST_PARALLEL/ModeGraph.vhd \
      PB ieee/std_logic_1164 1381692176 PB ieee/std_logic_arith 1381692177 \
      PB ieee/STD_LOGIC_UNSIGNED 1381692179
AR work/MDGRAPH/MDGRAPH 1559230934 \
      FL C:/Travail/LCD_TEST_PARALLEL/ModeGraph.vhd EN work/MDGRAPH 1559230933
FL C:/Travail/LCD_TEST_PARALLEL/ModeText.vhd 2019/05/27.11:12:38 P.20131013
EN work/MDTEXT 1558970678 FL C:/Travail/LCD_TEST_PARALLEL/ModeText.vhd \
      PB ieee/std_logic_1164 1381692176 PB ieee/std_logic_arith 1381692177 \
      PB ieee/STD_LOGIC_UNSIGNED 1381692179
AR work/MDTEXT/MDTEXT 1558970679 \
      FL C:/Travail/LCD_TEST_PARALLEL/ModeText.vhd EN work/MDTEXT 1558970678 \
      CP rom_1024_8
FL C:/Travail/LCD_TEST_PARALLEL/Mux_Comm.vhd 2019/05/29.08:48:39 P.20131013
FL C:/Travail/LCD_TEST_PARALLEL/New_Data_Ctrl.vhd 2019/06/01.15:46:42 P.20131013
FL C:/Travail/LCD_TEST_PARALLEL/New_MemVideo.vhd 2019/05/17.10:38:42 P.20131013
AR work/New_MemVideo/MemVideo_a 1558103752 \
      FL C:/Travail/LCD_TEST_PARALLEL/New_MemVideo.vhd EN work/New_MemVideo 1558103751
FL C:/Travail/LCD_TEST_PARALLEL/Old_MDTEXT.vhd 2019/06/01.11:46:36 P.20131013
FL C:/Travail/LCD_TEST_PARALLEL/ParallelTest_Top.vhd 2019/06/01.16:22:00 P.20131013
FL C:/Travail/LCD_TEST_PARALLEL/Timing_LCD.vhd 2019/06/01.11:49:34 P.20131013
FL C:/Travail/LCD_TEST_PARALLEL/uart_rx.vhd 2019/05/31.16:52:47 P.20131013
FL C:/Travail/LCD_TEST_PARALLEL/uart_rx_57600.vhd 2019/05/31.16:54:31 P.20131013
EN work/uart_rx 1559415708 FL C:/Travail/LCD_TEST_PARALLEL/uart_rx_57600.vhd \
      PB ieee/std_logic_1164 1381692176 PB ieee/STD_LOGIC_UNSIGNED 1381692179
AR work/uart_rx/uart_rx 1559415709 \
      FL C:/Travail/LCD_TEST_PARALLEL/uart_rx_57600.vhd EN work/uart_rx 1559415708
FL C:/Travail/LCD_TEST_PARALLEL/uart_rx_all.vhd 2019/06/01.14:35:54 P.20131013
EN work/uart_rx_auto 1559418415 FL C:/Travail/LCD_TEST_PARALLEL/uart_rx_all.vhd \
      PB ieee/std_logic_1164 1381692176 PB ieee/STD_LOGIC_UNSIGNED 1381692179
AR work/uart_rx_auto/uart_rx_auto 1559418416 \
      FL C:/Travail/LCD_TEST_PARALLEL/uart_rx_all.vhd EN work/uart_rx_auto 1559418415
