BL51 BANKED LINKER/LOCATER V6.22                                                        05/23/2019  13:21:44  PAGE 1


BL51 BANKED LINKER/LOCATER V6.22, INVOKED BY:
C:\KEIL_V5\C51\BIN\BL51.EXE main.obj TO DallasLib RAMSIZE (256) XDATA (0X0000-0X7FFF)


MEMORY MODEL: SMALL


INPUT MODULES INCLUDED:
  main.obj (MAIN)
  C:\KEIL_V5\C51\LIB\C51S.LIB (?C_STARTUP)
  C:\KEIL_V5\C51\LIB\C51S.LIB (?C?MEMSET)
  C:\KEIL_V5\C51\LIB\C51S.LIB (?C_INIT)


LINK MAP OF MODULE:  DallasLib (MAIN)


            TYPE    BASE      LENGTH    RELOCATION   SEGMENT NAME
            -----------------------------------------------------

            * * * * * * *   D A T A   M E M O R Y   * * * * * * *
            REG     0000H     0008H     ABSOLUTE     "REG BANK 0"
            DATA    0008H     0003H     UNIT         _DATA_GROUP_
            DATA    000BH     0002H     UNIT         ?DT?MAIN
            IDATA   000DH     0001H     UNIT         ?STACK

            * * * * * * *  X D A T A   M E M O R Y  * * * * * * *
            XDATA   0000H     12C0H     UNIT         ?XD?MAIN

            * * * * * * *   C O D E   M E M O R Y   * * * * * * *
            CODE    0000H     0003H     ABSOLUTE     
            CODE    0003H     008CH     UNIT         ?C_C51STARTUP
            CODE    008FH     0062H     UNIT         ?PR?MAIN?MAIN
            CODE    00F1H     002CH     UNIT         ?C?LIB_CODE
            CODE    011DH     0005H     UNIT         ?C_INITSEG



OVERLAY MAP OF MODULE:   DallasLib (MAIN)


SEGMENT                          DATA_GROUP 
  +--> CALLED SEGMENT          START    LENGTH
----------------------------------------------
?C_C51STARTUP                  -----    -----
  +--> ?PR?MAIN?MAIN
  +--> ?C_INITSEG

?PR?MAIN?MAIN                  0008H    0003H



SYMBOL TABLE OF MODULE:  DallasLib (MAIN)

  VALUE           TYPE          NAME
  ----------------------------------

  -------         MODULE        MAIN
BL51 BANKED LINKER/LOCATER V6.22                                                      05/23/2019  13:21:44  PAGE 2


  C:0000H         SYMBOL        _ICE_DUMMY_
  X:0000H         PUBLIC        table
  D:000BH         PUBLIC        P_Adress
  C:008FH         PUBLIC        main
  -------         PROC          MAIN
  -------         DO            
  D:0008H         SYMBOL        i
  D:000AH         SYMBOL        checksum
  -------         ENDDO         
  C:008FH         LINE#         6
  C:008FH         LINE#         7
  C:008FH         LINE#         8
  C:009EH         LINE#         11
  C:009EH         LINE#         14
  C:00A7H         LINE#         15
  C:00A9H         LINE#         16
  C:00ACH         LINE#         17
  C:00B0H         LINE#         18
  C:00B3H         LINE#         19
  C:00B7H         LINE#         20
  C:00BCH         LINE#         21
  C:00BCH         LINE#         22
  C:00D1H         LINE#         23
  C:00D6H         LINE#         24
  C:00E6H         LINE#         25
  C:00EFH         LINE#         26
  C:00EFH         LINE#         27
  -------         ENDPROC       MAIN
  -------         ENDMOD        MAIN

  -------         MODULE        ?C?MEMSET
  C:00F1H         PUBLIC        ?C?MEMSET
  -------         ENDMOD        ?C?MEMSET

Program Size: data=14.0 xdata=4800 code=290
LINK/LOCATE RUN COMPLETE.  0 WARNING(S),  0 ERROR(S)
