AR old_mdtext old_mdtext C:/GitHub/GraphBitV1/VHDL/src/Old_MDTEXT.vhd sub00/vhpl07 1559672925
AR old_mdgraph old_mdgraph C:/GitHub/GraphBitV1/VHDL/src/MDGRAPH.vhd sub00/vhpl05 1559672923
AR paralleltest_top behavioral C:/GitHub/GraphBitV1/VHDL/src/ParallelTest_Top.vhd sub00/vhpl21 1559585962
EN mux_comm NULL C:/GitHub/GraphBitV1/VHDL/src/Mux_Comm.vhd sub00/vhpl12 1559672930
AR timing_lcd behavioral C:/GitHub/GraphBitV1/VHDL/src/Timing_LCD.vhd sub00/vhpl17 1559672935
AR parallele parallele C:/GitHub/GraphBitV1/VHDL/src/Port_Parallele.vhd sub00/vhpl09 1559672927
EN dualport NULL C:/GitHub/GraphBitV1/VHDL/src/DualPort.vhd sub00/vhpl18 1559672936
AR new_uart_rx new_uart_rx C:/GitHub/GraphBitV1/VHDL/src/uart_rx.vhd sub00/vhpl11 1559672929
EN memvideo NULL C:/GitHub/GraphBitV1/VHDL/src/New_MemVideo.vhd sub00/vhpl02 1559672920
EN timing_lcd NULL C:/GitHub/GraphBitV1/VHDL/src/Timing_LCD.vhd sub00/vhpl16 1559672934
AR memvideo memvideo_a C:/GitHub/GraphBitV1/VHDL/src/New_MemVideo.vhd sub00/vhpl03 1559672921
EN rom_1024_8 NULL C:/GitHub/GraphBitV1/VHDL/src/Fonts.vhd sub00/vhpl00 1559672918
EN old_mdgraph NULL C:/GitHub/GraphBitV1/VHDL/src/MDGRAPH.vhd sub00/vhpl04 1559672922
EN paralleltest_top NULL C:/GitHub/GraphBitV1/VHDL/src/ParallelTest_Top.vhd sub00/vhpl20 1559585961
EN graphbit NULL C:/GitHub/GraphBitV1/VHDL/src/GraphBit_Top.vhd sub00/vhpl22 1559672938
AR graphbit behavioral C:/GitHub/GraphBitV1/VHDL/src/GraphBit_Top.vhd sub00/vhpl23 1559672939
EN parallele NULL C:/GitHub/GraphBitV1/VHDL/src/Port_Parallele.vhd sub00/vhpl08 1559672926
EN new_data_ctrl NULL C:/GitHub/GraphBitV1/VHDL/src/New_Data_Ctrl.vhd sub00/vhpl14 1559672932
AR new_data_ctrl behavioral C:/GitHub/GraphBitV1/VHDL/src/New_Data_Ctrl.vhd sub00/vhpl15 1559672933
EN new_uart_rx NULL C:/GitHub/GraphBitV1/VHDL/src/uart_rx.vhd sub00/vhpl10 1559672928
AR dualport dualport C:/GitHub/GraphBitV1/VHDL/src/DualPort.vhd sub00/vhpl19 1559672937
AR rom_1024_8 imp C:/GitHub/GraphBitV1/VHDL/src/Fonts.vhd sub00/vhpl01 1559672919
EN old_mdtext NULL C:/GitHub/GraphBitV1/VHDL/src/Old_MDTEXT.vhd sub00/vhpl06 1559672924
AR mux_comm behavioral C:/GitHub/GraphBitV1/VHDL/src/Mux_Comm.vhd sub00/vhpl13 1559672931
